// Jest Snapshot v1, https://goo.gl/fbAQLP

exports[`DetailPage renders 1`] = `
<div>
  <a
    class="sc-bczRLJ kfAyjk"
    href="/"
  >
    <svg
      aria-label="Previous"
      class="StyledIcon-sc-ofa7kd-0 kKhdEN"
      viewBox="0 0 24 24"
    >
      <path
        d="M17 2 7 12l10 10"
        fill="none"
        stroke="#000"
        stroke-width="2"
      />
    </svg>
    Back
  </a>
  <div
    class="sc-dkzDqf jKeDgZ"
  >
    <div
      class="StyledBox-sc-13pk1d4-0 ffyxzI"
    />
  </div>
</div>
`;
